<map>  
<county>
 <id>1</id>
 <name>Mohave</name>
 <URL>#</URL>
 <popup></popup>
 <color1>7798BA</color1>
 <color2>366CA3</color2>
</county>
<county>
 <id>2</id>
 <name>Coconino</name>
 <URL>#</URL>
 <popup></popup>
 <color1>7798BA</color1>
 <color2>366CA3</color2>
</county>
<county>
 <id>3</id>
 <name>Navajo</name>
 <URL>#</URL>
 <popup></popup>
 <color1>7798BA</color1>
 <color2>366CA3</color2>
</county>
<county>
 <id>4</id>
 <name>Apache</name>
 <URL>#</URL>
 <popup></popup>
 <color1>7798BA</color1>
 <color2>366CA3</color2>
</county>
<county>
 <id>5</id>
 <name>La Paz</name>
 <URL>#</URL>
 <popup></popup>
 <color1>7798BA</color1>
 <color2>366CA3</color2>
</county>
<county>
 <id>6</id>
 <name>Yavapai</name>
 <URL>#</URL>
 <popup></popup>
 <color1>7798BA</color1>
 <color2>366CA3</color2>
</county>
<county>
 <id>7</id>
 <name>Gila</name>
 <URL>#</URL>
 <popup></popup>
 <color1>7798BA</color1>
 <color2>366CA3</color2>
</county>
<county>
 <id>8</id>
 <name>Yuma</name>
 <URL>#</URL>
 <popup></popup>
 <color1>7798BA</color1>
 <color2>366CA3</color2>
</county>
<county>
 <id>9</id>
 <name>Maricopa</name>
 <URL>#</URL>
 <popup></popup>
 <color1>7798BA</color1>
 <color2>366CA3</color2>
</county>
<county>
 <id>10</id>
 <name>Pinal</name>
 <URL>#</URL>
 <popup></popup>
 <color1>7798BA</color1>
 <color2>366CA3</color2>
</county>
<county>
 <id>11</id>
 <name>Graham</name>
 <URL>#</URL>
 <popup></popup>
 <color1>7798BA</color1>
 <color2>366CA3</color2>
</county>
<county>
 <id>12</id>
 <name>Greenlee</name>
 <URL>#</URL>
 <popup></popup>
 <color1>7798BA</color1>
 <color2>366CA3</color2>
</county>
<county>
 <id>13</id>
 <name>Pima</name>
 <URL>#</URL>
 <popup></popup>
 <color1>7798BA</color1>
 <color2>366CA3</color2>
</county>
<county>
 <id>14</id>
 <name>Santa Cruz</name>
 <URL>#</URL>
 <popup></popup>
 <color1>7798BA</color1>
 <color2>366CA3</color2>
</county>
<county>
 <id>15</id>
 <name>Cochise</name>
 <URL>#</URL>
 <popup></popup>
 <color1>7798BA</color1>
 <color2>366CA3</color2>
</county>
</map>