<root>
<p name="Wilmington" link="" type="font1" x="-41" y="-173" x_h="0.2" y_h="-0.1" info="" frame="" img="" symbol="arrow1" />
</root>