<root>
<p name="Daytona Beach" link="" type="font1" x="147" y="-80" x_h="0.2" y_h="-0.1" info="" frame="" img="" symbol="arrow1" />
<p name="Jacksonville" link="" type="font1" x="114" y="-149" x_h="0.2" y_h="-0.1" info="" frame="" img="" symbol="arrow1" />
<p name="Lakeland" link="" type="font1" x="100" y="-10" x_h="0.2" y_h="-0.1" info="" frame="" img="" symbol="arrow1" />
<p name="Miami" link="" type="font1" x="200" y="116" x_h="0.2" y_h="-0.1" info="" frame="" img="" symbol="arrow1" />
<p name="Orlando" link="" type="font1" x="129" y="-39" x_h="0.2" y_h="-0.1" info="" frame="" img="" symbol="arrow1" />
<p name="Sarasota" link="" type="font1" x="70" y="33" x_h="0.2" y_h="-0.1" info="" frame="" img="" symbol="arrow1" />
<p name="Tampa" link="" type="font1" x="70" y="-6" x_h="-8.8" y_h="12.9" info="" frame="" img="" symbol="arrow1" />
<p name="Boynton Beach" link="" type="font1" x="204" y="72" x_h="0.2" y_h="-0.1" info="" frame="" img="" symbol="arrow1" />
<p name="Fort Myers" link="" type="font1" x="111" y="74" x_h="0.2" y_h="-0.1" info="" frame="" img="" symbol="arrow1" />
<p name="Gainesville" link="" type="font1" x="77" y="-109" x_h="0.2" y_h="-0.1" info="" frame="" img="" symbol="arrow1" />
<p name="Melbourne" link="" type="font1" x="170" y="-16" x_h="0.2" y_h="-0.1" info="" frame="" img="" symbol="arrow1" />
<p name="Ocala" link="" type="font1" x="88" y="-81" x_h="-45.8" y_h="-4.1" info="" frame="" img="" symbol="arrow1" />
<p name="Pensacola" link="" type="font1" x="-185" y="-161" x_h="0.2" y_h="-0.1" info="" frame="" img="" symbol="arrow1" />
<p name="Port Saint Lucie" link="" type="font1" x="193" y="32" x_h="-20.8" y_h="-10.1" info="" frame="" img="" symbol="arrow1" />
<p name="Tallahassee" link="" type="font1" x="-27" y="-154" x_h="0.2" y_h="-0.1" info="" frame="" img="" symbol="arrow1" />
</root>