<root>
<p name="Chicago" link="" type="font1" x="92" y="-149" x_h="0.2" y_h="-0.1" info="" frame="" img="" symbol="arrow1" />
<p name="Decatur" link="" type="font1" x="29" y="-9" x_h="0.2" y_h="-0.1" info="" frame="" img="" symbol="arrow1" />
</root>