<map>  
<county>
 <id>1</id>
 <name>Aitkin</name>
 <URL>#</URL>
 <popup>Any text &lt;BR&gt;information</popup>
 <color1>7798BA</color1>
 <color2>366CA3</color2>
</county>
<county>
 <id>2</id>
 <name>Anoka</name>
 <URL>#</URL>
 <popup>Any text &lt;BR&gt;information</popup>
 <color1>7798BA</color1>
 <color2>366CA3</color2>
</county>
<county>
 <id>3</id>
 <name>Becker</name>
 <URL>#</URL>
 <popup>Any text &lt;BR&gt;information</popup>
 <color1>7798BA</color1>
 <color2>366CA3</color2>
</county>
<county>
 <id>4</id>
 <name>Beltrami</name>
 <URL>#</URL>
 <popup>Any text &lt;BR&gt;information</popup>
 <color1>7798BA</color1>
 <color2>366CA3</color2>
</county>
<county>
 <id>5</id>
 <name>Benton</name>
 <URL>#</URL>
 <popup>Any text &lt;BR&gt;information</popup>
 <color1>7798BA</color1>
 <color2>366CA3</color2>
</county>
<county>
 <id>6</id>
 <name>Big Stone</name>
 <URL>#</URL>
 <popup>Any text &lt;BR&gt;information</popup>
 <color1>7798BA</color1>
 <color2>366CA3</color2>
</county>
<county>
 <id>7</id>
 <name>Blue Earth</name>
 <URL>#</URL>
 <popup>Any text &lt;BR&gt;information</popup>
 <color1>7798BA</color1>
 <color2>366CA3</color2>
</county>
<county>
 <id>8</id>
 <name>Brown</name>
 <URL>#</URL>
 <popup>Any text &lt;BR&gt;information</popup>
 <color1>7798BA</color1>
 <color2>366CA3</color2>
</county>
<county>
 <id>9</id>
 <name>Carlton</name>
 <URL>#</URL>
 <popup>Any text &lt;BR&gt;information</popup>
 <color1>7798BA</color1>
 <color2>366CA3</color2>
</county>
<county>
 <id>10</id>
 <name>Carver</name>
 <URL>#</URL>
 <popup>Any text &lt;BR&gt;information</popup>
 <color1>7798BA</color1>
 <color2>366CA3</color2>
</county>
<county>
 <id>11</id>
 <name>Cass</name>
 <URL>#</URL>
 <popup>Any text &lt;BR&gt;information</popup>
 <color1>7798BA</color1>
 <color2>366CA3</color2>
</county>
<county>
 <id>12</id>
 <name>Chippewa</name>
 <URL>#</URL>
 <popup>Any text &lt;BR&gt;information</popup>
 <color1>7798BA</color1>
 <color2>366CA3</color2>
</county>
<county>
 <id>13</id>
 <name>Chisago</name>
 <URL>#</URL>
 <popup>Any text &lt;BR&gt;information</popup>
 <color1>7798BA</color1>
 <color2>366CA3</color2>
</county>
<county>
 <id>14</id>
 <name>Clay</name>
 <URL>#</URL>
 <popup>Any text &lt;BR&gt;information</popup>
 <color1>7798BA</color1>
 <color2>366CA3</color2>
</county>
<county>
 <id>15</id>
 <name>Clearwater</name>
 <URL>#</URL>
 <popup>Any text &lt;BR&gt;information</popup>
 <color1>7798BA</color1>
 <color2>366CA3</color2>
</county>
<county>
 <id>16</id>
 <name>Cook</name>
 <URL>#</URL>
 <popup>Any text &lt;BR&gt;information</popup>
 <color1>7798BA</color1>
 <color2>366CA3</color2>
</county>
<county>
 <id>17</id>
 <name>Cottonwood</name>
 <URL>#</URL>
 <popup>Any text &lt;BR&gt;information</popup>
 <color1>7798BA</color1>
 <color2>366CA3</color2>
</county>
<county>
 <id>18</id>
 <name>Crow Wing</name>
 <URL>#</URL>
 <popup>Any text &lt;BR&gt;information</popup>
 <color1>7798BA</color1>
 <color2>366CA3</color2>
</county>
<county>
 <id>19</id>
 <name>Dakota</name>
 <URL>#</URL>
 <popup>Any text &lt;BR&gt;information</popup>
 <color1>7798BA</color1>
 <color2>366CA3</color2>
</county>
<county>
 <id>20</id>
 <name>Dodge</name>
 <URL>#</URL>
 <popup>Any text &lt;BR&gt;information</popup>
 <color1>7798BA</color1>
 <color2>366CA3</color2>
</county>
<county>
 <id>21</id>
 <name>Douglas</name>
 <URL>#</URL>
 <popup>Any text &lt;BR&gt;information</popup>
 <color1>7798BA</color1>
 <color2>366CA3</color2>
</county>
<county>
 <id>22</id>
 <name>Faribault</name>
 <URL>#</URL>
 <popup>Any text &lt;BR&gt;information</popup>
 <color1>7798BA</color1>
 <color2>366CA3</color2>
</county>
<county>
 <id>23</id>
 <name>Fillmore</name>
 <URL>#</URL>
 <popup>Any text &lt;BR&gt;information</popup>
 <color1>7798BA</color1>
 <color2>366CA3</color2>
</county>
<county>
 <id>24</id>
 <name>Freeborn</name>
 <URL>#</URL>
 <popup>Any text &lt;BR&gt;information</popup>
 <color1>7798BA</color1>
 <color2>366CA3</color2>
</county>
<county>
 <id>25</id>
 <name>Goodhue</name>
 <URL>#</URL>
 <popup>Any text &lt;BR&gt;information</popup>
 <color1>7798BA</color1>
 <color2>366CA3</color2>
</county>
<county>
 <id>26</id>
 <name>Grant</name>
 <URL>#</URL>
 <popup>Any text &lt;BR&gt;information</popup>
 <color1>7798BA</color1>
 <color2>366CA3</color2>
</county>
<county>
 <id>27</id>
 <name>Hennepin</name>
 <URL>#</URL>
 <popup>Any text &lt;BR&gt;information</popup>
 <color1>7798BA</color1>
 <color2>366CA3</color2>
</county>
<county>
 <id>28</id>
 <name>Houston</name>
 <URL>#</URL>
 <popup>Any text &lt;BR&gt;information</popup>
 <color1>7798BA</color1>
 <color2>366CA3</color2>
</county>
<county>
 <id>29</id>
 <name>Hubbard</name>
 <URL>#</URL>
 <popup>Any text &lt;BR&gt;information</popup>
 <color1>7798BA</color1>
 <color2>366CA3</color2>
</county>
<county>
 <id>30</id>
 <name>Isanti</name>
 <URL>#</URL>
 <popup>Any text &lt;BR&gt;information</popup>
 <color1>7798BA</color1>
 <color2>366CA3</color2>
</county>
<county>
 <id>31</id>
 <name>Itasca</name>
 <URL>#</URL>
 <popup>Any text &lt;BR&gt;information</popup>
 <color1>7798BA</color1>
 <color2>366CA3</color2>
</county>
<county>
 <id>32</id>
 <name>Jackson</name>
 <URL>#</URL>
 <popup>Any text &lt;BR&gt;information</popup>
 <color1>7798BA</color1>
 <color2>366CA3</color2>
</county>
<county>
 <id>33</id>
 <name>Kanabec</name>
 <URL>#</URL>
 <popup>Any text &lt;BR&gt;information</popup>
 <color1>7798BA</color1>
 <color2>366CA3</color2>
</county>
<county>
 <id>34</id>
 <name>Kandiyohi</name>
 <URL>#</URL>
 <popup>Any text &lt;BR&gt;information</popup>
 <color1>7798BA</color1>
 <color2>366CA3</color2>
</county>
<county>
 <id>35</id>
 <name>Kittson</name>
 <URL>#</URL>
 <popup>Any text &lt;BR&gt;information</popup>
 <color1>7798BA</color1>
 <color2>366CA3</color2>
</county>
<county>
 <id>36</id>
 <name>Koochiching</name>
 <URL>#</URL>
 <popup>Any text &lt;BR&gt;information</popup>
 <color1>7798BA</color1>
 <color2>366CA3</color2>
</county>
<county>
 <id>37</id>
 <name>Lac Qui Parle</name>
 <URL>#</URL>
 <popup>Any text &lt;BR&gt;information</popup>
 <color1>7798BA</color1>
 <color2>366CA3</color2>
</county>
<county>
 <id>38</id>
 <name>Lake</name>
 <URL>#</URL>
 <popup>Any text &lt;BR&gt;information</popup>
 <color1>7798BA</color1>
 <color2>366CA3</color2>
</county>
<county>
 <id>39</id>
 <name>Lake of the Woods</name>
 <URL>#</URL>
 <popup>Any text &lt;BR&gt;information</popup>
 <color1>7798BA</color1>
 <color2>366CA3</color2>
</county>
<county>
 <id>40</id>
 <name>Le Sueur</name>
 <URL>#</URL>
 <popup>Any text &lt;BR&gt;information</popup>
 <color1>7798BA</color1>
 <color2>366CA3</color2>
</county>
<county>
 <id>41</id>
 <name>Lincoln</name>
 <URL>#</URL>
 <popup>Any text &lt;BR&gt;information</popup>
 <color1>7798BA</color1>
 <color2>366CA3</color2>
</county>
<county>
 <id>42</id>
 <name>Lyon</name>
 <URL>#</URL>
 <popup>Any text &lt;BR&gt;information</popup>
 <color1>7798BA</color1>
 <color2>366CA3</color2>
</county>
<county>
 <id>43</id>
 <name>Mahnomen</name>
 <URL>#</URL>
 <popup>Any text &lt;BR&gt;information</popup>
 <color1>7798BA</color1>
 <color2>366CA3</color2>
</county>
<county>
 <id>44</id>
 <name>Marshall</name>
 <URL>#</URL>
 <popup>Any text &lt;BR&gt;information</popup>
 <color1>7798BA</color1>
 <color2>366CA3</color2>
</county>
<county>
 <id>45</id>
 <name>Martin</name>
 <URL>#</URL>
 <popup>Any text &lt;BR&gt;information</popup>
 <color1>7798BA</color1>
 <color2>366CA3</color2>
</county>
<county>
 <id>46</id>
 <name>McLeod</name>
 <URL>#</URL>
 <popup>Any text &lt;BR&gt;information</popup>
 <color1>7798BA</color1>
 <color2>366CA3</color2>
</county>
<county>
 <id>47</id>
 <name>Meeker</name>
 <URL>#</URL>
 <popup>Any text &lt;BR&gt;information</popup>
 <color1>7798BA</color1>
 <color2>366CA3</color2>
</county>
<county>
 <id>48</id>
 <name>Mille Lacs</name>
 <URL>#</URL>
 <popup>Any text &lt;BR&gt;information</popup>
 <color1>7798BA</color1>
 <color2>366CA3</color2>
</county>
<county>
 <id>49</id>
 <name>Morrison</name>
 <URL>#</URL>
 <popup>Any text &lt;BR&gt;information</popup>
 <color1>7798BA</color1>
 <color2>366CA3</color2>
</county>
<county>
 <id>50</id>
 <name>Mower</name>
 <URL>#</URL>
 <popup>Any text &lt;BR&gt;information</popup>
 <color1>7798BA</color1>
 <color2>366CA3</color2>
</county>
<county>
 <id>51</id>
 <name>Murray</name>
 <URL>#</URL>
 <popup>Any text &lt;BR&gt;information</popup>
 <color1>7798BA</color1>
 <color2>366CA3</color2>
</county>
<county>
 <id>52</id>
 <name>Nicollet</name>
 <URL>#</URL>
 <popup>Any text &lt;BR&gt;information</popup>
 <color1>7798BA</color1>
 <color2>366CA3</color2>
</county>
<county>
 <id>53</id>
 <name>Nobles</name>
 <URL>#</URL>
 <popup>Any text &lt;BR&gt;information</popup>
 <color1>7798BA</color1>
 <color2>366CA3</color2>
</county>
<county>
 <id>54</id>
 <name>Norman</name>
 <URL>#</URL>
 <popup>Any text &lt;BR&gt;information</popup>
 <color1>7798BA</color1>
 <color2>366CA3</color2>
</county>
<county>
 <id>55</id>
 <name>Olmsted</name>
 <URL>#</URL>
 <popup>Any text &lt;BR&gt;information</popup>
 <color1>7798BA</color1>
 <color2>366CA3</color2>
</county>
<county>
 <id>56</id>
 <name>Otter Tail</name>
 <URL>#</URL>
 <popup>Any text &lt;BR&gt;information</popup>
 <color1>7798BA</color1>
 <color2>366CA3</color2>
</county>
<county>
 <id>57</id>
 <name>Pennington</name>
 <URL>#</URL>
 <popup>Any text &lt;BR&gt;information</popup>
 <color1>7798BA</color1>
 <color2>366CA3</color2>
</county>
<county>
 <id>58</id>
 <name>Pine</name>
 <URL>#</URL>
 <popup>Any text &lt;BR&gt;information</popup>
 <color1>7798BA</color1>
 <color2>366CA3</color2>
</county>
<county>
 <id>59</id>
 <name>Pipestone</name>
 <URL>#</URL>
 <popup>Any text &lt;BR&gt;information</popup>
 <color1>7798BA</color1>
 <color2>366CA3</color2>
</county>
<county>
 <id>60</id>
 <name>Polk</name>
 <URL>#</URL>
 <popup>Any text &lt;BR&gt;information</popup>
 <color1>7798BA</color1>
 <color2>366CA3</color2>
</county>
<county>
 <id>61</id>
 <name>Pope</name>
 <URL>#</URL>
 <popup>Any text &lt;BR&gt;information</popup>
 <color1>7798BA</color1>
 <color2>366CA3</color2>
</county>
<county>
 <id>62</id>
 <name>Ramsey</name>
 <URL>#</URL>
 <popup>Any text &lt;BR&gt;information</popup>
 <color1>7798BA</color1>
 <color2>366CA3</color2>
</county>
<county>
 <id>63</id>
 <name>Red Lake</name>
 <URL>#</URL>
 <popup>Any text &lt;BR&gt;information</popup>
 <color1>7798BA</color1>
 <color2>366CA3</color2>
</county>
<county>
 <id>64</id>
 <name>Redwood</name>
 <URL>#</URL>
 <popup>Any text &lt;BR&gt;information</popup>
 <color1>7798BA</color1>
 <color2>366CA3</color2>
</county>
<county>
 <id>65</id>
 <name>Renville</name>
 <URL>#</URL>
 <popup>Any text &lt;BR&gt;information</popup>
 <color1>7798BA</color1>
 <color2>366CA3</color2>
</county>
<county>
 <id>66</id>
 <name>Rice</name>
 <URL>#</URL>
 <popup>Any text &lt;BR&gt;information</popup>
 <color1>7798BA</color1>
 <color2>366CA3</color2>
</county>
<county>
 <id>67</id>
 <name>Rock</name>
 <URL>#</URL>
 <popup>Any text &lt;BR&gt;information</popup>
 <color1>7798BA</color1>
 <color2>366CA3</color2>
</county>
<county>
 <id>68</id>
 <name>Roseau</name>
 <URL>#</URL>
 <popup>Any text &lt;BR&gt;information</popup>
 <color1>7798BA</color1>
 <color2>366CA3</color2>
</county>
<county>
 <id>69</id>
 <name>Scott</name>
 <URL>#</URL>
 <popup>Any text &lt;BR&gt;information</popup>
 <color1>7798BA</color1>
 <color2>366CA3</color2>
</county>
<county>
 <id>70</id>
 <name>Sherburne</name>
 <URL>#</URL>
 <popup>Any text &lt;BR&gt;information</popup>
 <color1>7798BA</color1>
 <color2>366CA3</color2>
</county>
<county>
 <id>71</id>
 <name>Sibley</name>
 <URL>#</URL>
 <popup>Any text &lt;BR&gt;information</popup>
 <color1>7798BA</color1>
 <color2>366CA3</color2>
</county>
<county>
 <id>72</id>
 <name>St. Louis</name>
 <URL>#</URL>
 <popup>Any text &lt;BR&gt;information</popup>
 <color1>7798BA</color1>
 <color2>366CA3</color2>
</county>
<county>
 <id>73</id>
 <name>Stearns</name>
 <URL>#</URL>
 <popup>Any text &lt;BR&gt;information</popup>
 <color1>7798BA</color1>
 <color2>366CA3</color2>
</county>
<county>
 <id>74</id>
 <name>Steele</name>
 <URL>#</URL>
 <popup>Any text &lt;BR&gt;information</popup>
 <color1>7798BA</color1>
 <color2>366CA3</color2>
</county>
<county>
 <id>75</id>
 <name>Stevens</name>
 <URL>#</URL>
 <popup>Any text &lt;BR&gt;information</popup>
 <color1>7798BA</color1>
 <color2>366CA3</color2>
</county>
<county>
 <id>76</id>
 <name>Swift</name>
 <URL>#</URL>
 <popup>Any text &lt;BR&gt;information</popup>
 <color1>7798BA</color1>
 <color2>366CA3</color2>
</county>
<county>
 <id>77</id>
 <name>Todd</name>
 <URL>#</URL>
 <popup>Any text &lt;BR&gt;information</popup>
 <color1>7798BA</color1>
 <color2>366CA3</color2>
</county>
<county>
 <id>78</id>
 <name>Traverse</name>
 <URL>#</URL>
 <popup>Any text &lt;BR&gt;information</popup>
 <color1>7798BA</color1>
 <color2>366CA3</color2>
</county>
<county>
 <id>79</id>
 <name>Wabasha</name>
 <URL>#</URL>
 <popup>Any text &lt;BR&gt;information</popup>
 <color1>7798BA</color1>
 <color2>366CA3</color2>
</county>
<county>
 <id>80</id>
 <name>Wadena</name>
 <URL>#</URL>
 <popup>Any text &lt;BR&gt;information</popup>
 <color1>7798BA</color1>
 <color2>366CA3</color2>
</county>
<county>
 <id>81</id>
 <name>Waseca</name>
 <URL>#</URL>
 <popup>Any text &lt;BR&gt;information</popup>
 <color1>7798BA</color1>
 <color2>366CA3</color2>
</county>
<county>
 <id>82</id>
 <name>Washington</name>
 <URL>#</URL>
 <popup>Any text &lt;BR&gt;information</popup>
 <color1>7798BA</color1>
 <color2>366CA3</color2>
</county>
<county>
 <id>83</id>
 <name>Watonwan</name>
 <URL>#</URL>
 <popup>Any text &lt;BR&gt;information</popup>
 <color1>7798BA</color1>
 <color2>366CA3</color2>
</county>
<county>
 <id>84</id>
 <name>Wilkin</name>
 <URL>#</URL>
 <popup>Any text &lt;BR&gt;information</popup>
 <color1>7798BA</color1>
 <color2>366CA3</color2>
</county>
<county>
 <id>85</id>
 <name>Winona</name>
 <URL>#</URL>
 <popup>Any text &lt;BR&gt;information</popup>
 <color1>7798BA</color1>
 <color2>366CA3</color2>
</county>
<county>
 <id>86</id>
 <name>Wright</name>
 <URL>#</URL>
 <popup>Any text &lt;BR&gt;information</popup>
 <color1>7798BA</color1>
 <color2>366CA3</color2>
</county>
<county>
 <id>87</id>
 <name>Yellow Medicine</name>
 <URL>#</URL>
 <popup>Any text &lt;BR&gt;information</popup>
 <color1>7798BA</color1>
 <color2>366CA3</color2>
</county>
</map>