<root>
<p name="Bismarck" link="" type="font1" x="-29" y="64" x_h="0.2" y_h="-0.1" info="" frame="" img="" symbol="arrow1" />
<p name="Fargo" link="" type="font1" x="230" y="52" x_h="-32.8" y_h="-12.1" info="" frame="" img="" symbol="arrow1" />
<p name="Grand Forks" link="" type="font1" x="208" y="-47" x_h="-51.8" y_h="-10.1" info="" frame="" img="" symbol="arrow1" />
</root>