<root>
<p name="Lincoln" link="" type="font1" x="172" y="43" x_h="0.2" y_h="-0.1" info="" frame="" img="" symbol="arrow1" />
<p name="Omaha" link="" type="font1" x="208" y="10" x_h="0.2" y_h="-0.1" info="" frame="" img="" symbol="arrow1" />
</root>