<root>
<p name="Nashua" link="" type="font1" x="7" y="182" x_h="0.2" y_h="-0.1" info="" frame="" img="" symbol="arrow1" />
</root>