<root>
<p name="Seattle" link="javascript:set_text('div1');" type="font1" x="-99" y="-29" x_h="0.2" y_h="-0.1" info="" frame="" img="" symbol="arrow7" />
<p name="Spokane" link="javascript:set_text('div3');" type="font1" x="214" y="-27" x_h="-25.8" y_h="12.9" info="" frame="" img="" symbol="arrow7" />
<p name="Spokane Valley" link="" type="font1" x="223" y="-29" x_h="-67.8" y_h="-11.1" info="" frame="" img="" symbol="arrow1" />
<p name="Yakima" link="" type="font1" x="13" y="75" x_h="0.2" y_h="-0.1" info="" frame="" img="" symbol="arrow1" />
</root>