<root>
<p name="Anchorage" link="" type="font1" x="11" y="24" x_h="0.2" y_h="-0.1" info="" frame="" img="" symbol="arrow1" />
<p name="Fairbanks" link="" type="font1" x="36" y="-51" x_h="-46.8" y_h="-14.1" info="" frame="" img="" symbol="arrow1" />
</root>