<root>
<p name="Phoenix" link="" type="font1" x="-14" y="41" x_h="-62.8" y_h="-6.1" info="" frame="" img="" symbol="arrow1" />
<p name="Scottsdale" link="" type="font1" x="-2" y="33" x_h="1.2" y_h="-8.1" info="" frame="" img="" symbol="arrow1" />
<p name="Tucson" link="" type="font1" x="59" y="137" x_h="0.2" y_h="-0.1" info="" frame="" img="" symbol="arrow1" />
<p name="Flagstaff" link="" type="font1" x="18" y="-69" x_h="0.2" y_h="-0.1" info="" frame="" img="" symbol="arrow1" />
</root>