<root>
<p name="Atlanta" link="" type="font1" x="-83" y="-90" x_h="0.2" y_h="-0.1" info="" frame="" img="" symbol="arrow1" />
<p name="Augusta-Richmond" link="" type="font1" x="79" y="-59" x_h="0.2" y_h="-0.1" info="" frame="" img="" symbol="arrow1" />
<p name="Albany" link="" type="font1" x="-71" y="92" x_h="0.2" y_h="-0.1" info="" frame="" img="" symbol="arrow1" />
<p name="Columbus" link="" type="font1" x="-117" y="16" x_h="0.2" y_h="-0.1" info="" frame="" img="" symbol="arrow1" />
<p name="Macon" link="" type="font1" x="-34" y="-13" x_h="0.2" y_h="-0.1" info="" frame="" img="" symbol="arrow1" />
<p name="Savannah" link="" type="font1" x="142" y="48" x_h="-1.8" y_h="-9.1" info="" frame="" img="" symbol="arrow1" />
</root>