<root>
<p name="Honolulu" link="" type="font1" x="-21" y="-68" x_h="0.2" y_h="-0.1" info="" frame="" img="" symbol="arrow1" />
<p name="Hilo" link="" type="font1" x="223" y="79" x_h="-0.8" y_h="-7.1" info="" frame="" img="" symbol="arrow1" />
</root>