<root>
<p name="Las Vegas" link="" type="font1" x="71" y="119" x_h="0.2" y_h="-0.1" info="" frame="" img="" symbol="arrow1" />
<p name="Reno" link="" type="font1" x="-116" y="-58" x_h="-44.8" y_h="-2.1" info="" frame="" img="" symbol="arrow1" />
<p name="Sparks" link="" type="font1" x="-108" y="-60" x_h="-1.8" y_h="-7.1" info="" frame="" img="" symbol="arrow1" />
</root>