<root>
<p name="Allentown" link="" type="font1" x="185" y="44" x_h="0.2" y_h="-0.1" info="" frame="" img="" symbol="arrow1" />
<p name="Harrisburg" link="" type="font1" x="68" y="78" x_h="0.2" y_h="-0.1" info="" frame="" img="" symbol="arrow1" />
<p name="Philadelphia" link="" type="font1" x="219" y="111" x_h="-36.8" y_h="11.9" info="" frame="" img="" symbol="arrow1" />
<p name="Pittsburgh" link="" type="font1" x="-196" y="56" x_h="0.2" y_h="-0.1" info="" frame="" img="" symbol="arrow1" />
<p name="Scranton" link="" type="font1" x="172" y="-44" x_h="0.2" y_h="-0.1" info="" frame="" img="" symbol="arrow1" />
<p name="Wilkes-Barre" link="" type="font1" x="153" y="-22" x_h="0.2" y_h="-0.1" info="" frame="" img="" symbol="arrow1" />
<p name="Altoona" link="" type="font1" x="-62" y="57" x_h="0.2" y_h="-0.1" info="" frame="" img="" symbol="arrow1" />
<p name="Erie" link="" type="font1" x="-207" y="-123" x_h="0.2" y_h="-0.1" info="" frame="" img="" symbol="arrow1" />
<p name="Lancaster" link="" type="font1" x="120" y="105" x_h="0.2" y_h="-0.1" info="" frame="" img="" symbol="arrow1" />
<p name="Reading" link="" type="font1" x="149" y="71" x_h="-1.8" y_h="-6.1" info="" frame="" img="" symbol="arrow1" />
<p name="York" link="" type="font1" x="82" y="114" x_h="-29.8" y_h="-10.1" info="" frame="" img="" symbol="arrow1" />
</root>