<root>
<p name="Providence" link="" type="font1" x="14" y="-117" x_h="0.2" y_h="-0.1" info="" frame="" img="" symbol="arrow1" />
<p name="Warwick" link="" type="font1" x="14" y="-48" x_h="0.2" y_h="-0.1" info="" frame="" img="" symbol="arrow1" />
</root>