<root>
<p name="Austin" link="" type="font1" x="72" y="31" x_h="0.2" y_h="-0.1" info="" frame="" img="" symbol="arrow1" />
<p name="Dallas" link="" type="font1" x="100" y="-56" x_h="0.2" y_h="-0.1" info="" frame="" img="" symbol="arrow1" />
<p name="Houston" link="" type="font1" x="143" y="46" x_h="0.2" y_h="-0.1" info="" frame="" img="" symbol="arrow1" />
<p name="El Paso" link="" type="font1" x="-195" y="-33" x_h="-16.8" y_h="-12.1" info="" frame="" img="" symbol="arrow1" />
<p name="Brownsville" link="" type="font1" x="78" y="182" x_h="0.2" y_h="-0.1" info="" frame="" img="" symbol="arrow1" />
<p name="Laredo" link="" type="font1" x="15" y="126" x_h="0.2" y_h="-0.1" info="" frame="" img="" symbol="arrow1" />
<p name="San Antonio" link="" type="font1" x="48" y="62" x_h="0.2" y_h="-0.1" info="" frame="" img="" symbol="arrow1" />
<p name="Amarillo" link="" type="font1" x="-51" y="-146" x_h="0.2" y_h="-0.1" info="" frame="" img="" symbol="arrow1" />
<p name="Corpus Christi" link="" type="font1" x="82" y="133" x_h="0.2" y_h="-0.1" info="" frame="" img="" symbol="arrow1" />
<p name="Lubbock" link="" type="font1" x="-52" y="-86" x_h="0.2" y_h="-0.1" info="" frame="" img="" symbol="arrow1" />
<p name="Wichita Falls" link="" type="font1" x="46" y="-97" x_h="0.2" y_h="-0.1" info="" frame="" img="" symbol="arrow1" />
</root>