<map>
<state>
 <id>1</id>
 <name>St. Croix</name>
 <URL></URL>
 <info></info>
 <color1>7798BA</color1>
 <color2>366CA3</color2>
</state>
<state>
 <id>2</id>
 <name>St. Thomas</name>
 <URL></URL>
 <info></info>
 <color1>7798BA</color1>
 <color2>366CA3</color2>
</state>
<state>
 <id>3</id>
 <name>St. John</name>
 <URL></URL>
 <info></info>
 <color1>7798BA</color1>
 <color2>366CA3</color2>
</state>
<state>
 <id>4</id>
 <name>Buck Island</name>
 <URL></URL>
 <info></info>
 <color1>7798BA</color1>
 <color2>366CA3</color2>
</state>
<state>
 <id>5</id>
 <name>Savana Island</name>
 <URL></URL>
 <info></info>
 <color1>7798BA</color1>
 <color2>366CA3</color2>
</state>
<state>
 <id>6</id>
 <name>Hans Lollik Island</name>
 <URL></URL>
 <info></info>
 <color1>7798BA</color1>
 <color2>366CA3</color2>
</state>
</map>