<map>  
<county>
 <id>1</id>
 <name>Barbour</name>
 <URL>#</URL>
 <popup>Any text &lt;BR&gt;information</popup>
 <color1>7798BA</color1>
 <color2>366CA3</color2>
</county>
<county>
 <id>2</id>
 <name>Berkeley</name>
 <URL>#</URL>
 <popup>Any text &lt;BR&gt;information</popup>
 <color1>7798BA</color1>
 <color2>366CA3</color2>
</county>
<county>
 <id>3</id>
 <name>Boone</name>
 <URL>#</URL>
 <popup>Any text &lt;BR&gt;information</popup>
 <color1>7798BA</color1>
 <color2>366CA3</color2>
</county>
<county>
 <id>4</id>
 <name>Braxton</name>
 <URL>#</URL>
 <popup>Any text &lt;BR&gt;information</popup>
 <color1>7798BA</color1>
 <color2>366CA3</color2>
</county>
<county>
 <id>5</id>
 <name>Brooke</name>
 <URL>#</URL>
 <popup>Any text &lt;BR&gt;information</popup>
 <color1>7798BA</color1>
 <color2>366CA3</color2>
</county>
<county>
 <id>6</id>
 <name>Cabell</name>
 <URL>#</URL>
 <popup>Any text &lt;BR&gt;information</popup>
 <color1>7798BA</color1>
 <color2>366CA3</color2>
</county>
<county>
 <id>7</id>
 <name>Calhoun</name>
 <URL>#</URL>
 <popup>Any text &lt;BR&gt;information</popup>
 <color1>7798BA</color1>
 <color2>366CA3</color2>
</county>
<county>
 <id>8</id>
 <name>Clay</name>
 <URL>#</URL>
 <popup>Any text &lt;BR&gt;information</popup>
 <color1>7798BA</color1>
 <color2>366CA3</color2>
</county>
<county>
 <id>9</id>
 <name>Doddridge</name>
 <URL>#</URL>
 <popup>Any text &lt;BR&gt;information</popup>
 <color1>7798BA</color1>
 <color2>366CA3</color2>
</county>
<county>
 <id>10</id>
 <name>Fayette</name>
 <URL>#</URL>
 <popup>Any text &lt;BR&gt;information</popup>
 <color1>7798BA</color1>
 <color2>366CA3</color2>
</county>
<county>
 <id>11</id>
 <name>Gilmer</name>
 <URL>#</URL>
 <popup>Any text &lt;BR&gt;information</popup>
 <color1>7798BA</color1>
 <color2>366CA3</color2>
</county>
<county>
 <id>12</id>
 <name>Grant</name>
 <URL>#</URL>
 <popup>Any text &lt;BR&gt;information</popup>
 <color1>7798BA</color1>
 <color2>366CA3</color2>
</county>
<county>
 <id>13</id>
 <name>Greenbrier</name>
 <URL>#</URL>
 <popup>Any text &lt;BR&gt;information</popup>
 <color1>7798BA</color1>
 <color2>366CA3</color2>
</county>
<county>
 <id>14</id>
 <name>Hampshire</name>
 <URL>#</URL>
 <popup>Any text &lt;BR&gt;information</popup>
 <color1>7798BA</color1>
 <color2>366CA3</color2>
</county>
<county>
 <id>15</id>
 <name>Hancock</name>
 <URL>#</URL>
 <popup>Any text &lt;BR&gt;information</popup>
 <color1>7798BA</color1>
 <color2>366CA3</color2>
</county>
<county>
 <id>16</id>
 <name>Hardy</name>
 <URL>#</URL>
 <popup>Any text &lt;BR&gt;information</popup>
 <color1>7798BA</color1>
 <color2>366CA3</color2>
</county>
<county>
 <id>17</id>
 <name>Harrison</name>
 <URL>#</URL>
 <popup>Any text &lt;BR&gt;information</popup>
 <color1>7798BA</color1>
 <color2>366CA3</color2>
</county>
<county>
 <id>18</id>
 <name>Jackson</name>
 <URL>#</URL>
 <popup>Any text &lt;BR&gt;information</popup>
 <color1>7798BA</color1>
 <color2>366CA3</color2>
</county>
<county>
 <id>19</id>
 <name>Jefferson</name>
 <URL>#</URL>
 <popup>Any text &lt;BR&gt;information</popup>
 <color1>7798BA</color1>
 <color2>366CA3</color2>
</county>
<county>
 <id>20</id>
 <name>Kanawha</name>
 <URL>#</URL>
 <popup>Any text &lt;BR&gt;information</popup>
 <color1>7798BA</color1>
 <color2>366CA3</color2>
</county>
<county>
 <id>21</id>
 <name>Lewis</name>
 <URL>#</URL>
 <popup>Any text &lt;BR&gt;information</popup>
 <color1>7798BA</color1>
 <color2>366CA3</color2>
</county>
<county>
 <id>22</id>
 <name>Lincoln</name>
 <URL>#</URL>
 <popup>Any text &lt;BR&gt;information</popup>
 <color1>7798BA</color1>
 <color2>366CA3</color2>
</county>
<county>
 <id>23</id>
 <name>Logan</name>
 <URL>#</URL>
 <popup>Any text &lt;BR&gt;information</popup>
 <color1>7798BA</color1>
 <color2>366CA3</color2>
</county>
<county>
 <id>24</id>
 <name>Marion</name>
 <URL>#</URL>
 <popup>Any text &lt;BR&gt;information</popup>
 <color1>7798BA</color1>
 <color2>366CA3</color2>
</county>
<county>
 <id>25</id>
 <name>Marshall</name>
 <URL>#</URL>
 <popup>Any text &lt;BR&gt;information</popup>
 <color1>7798BA</color1>
 <color2>366CA3</color2>
</county>
<county>
 <id>26</id>
 <name>Mason</name>
 <URL>#</URL>
 <popup>Any text &lt;BR&gt;information</popup>
 <color1>7798BA</color1>
 <color2>366CA3</color2>
</county>
<county>
 <id>27</id>
 <name>McDowell</name>
 <URL>#</URL>
 <popup>Any text &lt;BR&gt;information</popup>
 <color1>7798BA</color1>
 <color2>366CA3</color2>
</county>
<county>
 <id>28</id>
 <name>Mercer</name>
 <URL>#</URL>
 <popup>Any text &lt;BR&gt;information</popup>
 <color1>7798BA</color1>
 <color2>366CA3</color2>
</county>
<county>
 <id>29</id>
 <name>Mineral</name>
 <URL>#</URL>
 <popup>Any text &lt;BR&gt;information</popup>
 <color1>7798BA</color1>
 <color2>366CA3</color2>
</county>
<county>
 <id>30</id>
 <name>Mingo</name>
 <URL>#</URL>
 <popup>Any text &lt;BR&gt;information</popup>
 <color1>7798BA</color1>
 <color2>366CA3</color2>
</county>
<county>
 <id>31</id>
 <name>Monongalia</name>
 <URL>#</URL>
 <popup>Any text &lt;BR&gt;information</popup>
 <color1>7798BA</color1>
 <color2>366CA3</color2>
</county>
<county>
 <id>32</id>
 <name>Monroe</name>
 <URL>#</URL>
 <popup>Any text &lt;BR&gt;information</popup>
 <color1>7798BA</color1>
 <color2>366CA3</color2>
</county>
<county>
 <id>33</id>
 <name>Morgan</name>
 <URL>#</URL>
 <popup>Any text &lt;BR&gt;information</popup>
 <color1>7798BA</color1>
 <color2>366CA3</color2>
</county>
<county>
 <id>34</id>
 <name>Nicholas</name>
 <URL>#</URL>
 <popup>Any text &lt;BR&gt;information</popup>
 <color1>7798BA</color1>
 <color2>366CA3</color2>
</county>
<county>
 <id>35</id>
 <name>Ohio</name>
 <URL>#</URL>
 <popup>Any text &lt;BR&gt;information</popup>
 <color1>7798BA</color1>
 <color2>366CA3</color2>
</county>
<county>
 <id>36</id>
 <name>Pendleton</name>
 <URL>#</URL>
 <popup>Any text &lt;BR&gt;information</popup>
 <color1>7798BA</color1>
 <color2>366CA3</color2>
</county>
<county>
 <id>37</id>
 <name>Pleasants</name>
 <URL>#</URL>
 <popup>Any text &lt;BR&gt;information</popup>
 <color1>7798BA</color1>
 <color2>366CA3</color2>
</county>
<county>
 <id>38</id>
 <name>Pocahontas</name>
 <URL>#</URL>
 <popup>Any text &lt;BR&gt;information</popup>
 <color1>7798BA</color1>
 <color2>366CA3</color2>
</county>
<county>
 <id>39</id>
 <name>Preston</name>
 <URL>#</URL>
 <popup>Any text &lt;BR&gt;information</popup>
 <color1>7798BA</color1>
 <color2>366CA3</color2>
</county>
<county>
 <id>40</id>
 <name>Putnam</name>
 <URL>#</URL>
 <popup>Any text &lt;BR&gt;information</popup>
 <color1>7798BA</color1>
 <color2>366CA3</color2>
</county>
<county>
 <id>41</id>
 <name>Raleigh</name>
 <URL>#</URL>
 <popup>Any text &lt;BR&gt;information</popup>
 <color1>7798BA</color1>
 <color2>366CA3</color2>
</county>
<county>
 <id>42</id>
 <name>Randolph</name>
 <URL>#</URL>
 <popup>Any text &lt;BR&gt;information</popup>
 <color1>7798BA</color1>
 <color2>366CA3</color2>
</county>
<county>
 <id>43</id>
 <name>Ritchie</name>
 <URL>#</URL>
 <popup>Any text &lt;BR&gt;information</popup>
 <color1>7798BA</color1>
 <color2>366CA3</color2>
</county>
<county>
 <id>44</id>
 <name>Roane</name>
 <URL>#</URL>
 <popup>Any text &lt;BR&gt;information</popup>
 <color1>7798BA</color1>
 <color2>366CA3</color2>
</county>
<county>
 <id>45</id>
 <name>Summers</name>
 <URL>#</URL>
 <popup>Any text &lt;BR&gt;information</popup>
 <color1>7798BA</color1>
 <color2>366CA3</color2>
</county>
<county>
 <id>46</id>
 <name>Taylor</name>
 <URL>#</URL>
 <popup>Any text &lt;BR&gt;information</popup>
 <color1>7798BA</color1>
 <color2>366CA3</color2>
</county>
<county>
 <id>47</id>
 <name>Tucker</name>
 <URL>#</URL>
 <popup>Any text &lt;BR&gt;information</popup>
 <color1>7798BA</color1>
 <color2>366CA3</color2>
</county>
<county>
 <id>48</id>
 <name>Tyler</name>
 <URL>#</URL>
 <popup>Any text &lt;BR&gt;information</popup>
 <color1>7798BA</color1>
 <color2>366CA3</color2>
</county>
<county>
 <id>49</id>
 <name>Upshur</name>
 <URL>#</URL>
 <popup>Any text &lt;BR&gt;information</popup>
 <color1>7798BA</color1>
 <color2>366CA3</color2>
</county>
<county>
 <id>50</id>
 <name>Wayne</name>
 <URL>#</URL>
 <popup>Any text &lt;BR&gt;information</popup>
 <color1>7798BA</color1>
 <color2>366CA3</color2>
</county>
<county>
 <id>51</id>
 <name>Webster</name>
 <URL>#</URL>
 <popup>Any text &lt;BR&gt;information</popup>
 <color1>7798BA</color1>
 <color2>366CA3</color2>
</county>
<county>
 <id>52</id>
 <name>Wetzel</name>
 <URL>#</URL>
 <popup>Any text &lt;BR&gt;information</popup>
 <color1>7798BA</color1>
 <color2>366CA3</color2>
</county>
<county>
 <id>53</id>
 <name>Wirt</name>
 <URL>#</URL>
 <popup>Any text &lt;BR&gt;information</popup>
 <color1>7798BA</color1>
 <color2>366CA3</color2>
</county>
<county>
 <id>54</id>
 <name>Wood</name>
 <URL>#</URL>
 <popup>Any text &lt;BR&gt;information</popup>
 <color1>7798BA</color1>
 <color2>366CA3</color2>
</county>
<county>
 <id>55</id>
 <name>Wyoming</name>
 <URL>#</URL>
 <popup>Any text &lt;BR&gt;information</popup>
 <color1>7798BA</color1>
 <color2>366CA3</color2>
</county>
</map>