<root>
<p name="SEATLLE" link="javascript:set_text('div1');" type="font1" x="-81" y="-68" x_h="-5.8" y_h="-10.1" info="Any text information" frame="" img="photo.jpg" symbol="arrow1" />
</root>