*.benefitscheckup.org
qala.benefitscheckup.org
bcuqa.benefitscheckup.org
localhost

PR, VI, GU